PASS clip-poster-first — {"state":"loading","bg":true,"src":"assets/video/bangkok-card.mp4","w":318,"h":254,"video":true} (the photograph is on screen before the clip)
PASS clip-plays-at-the-cards-geometry — {"state":"playing","bg":true,"w":318,"h":254,"ratio":1.25,"video":true,"playing":true,"t":3.49,"muted":true,"inline":true,"loop":true,"controls":false,"opacity":"1","poster":"assets/images/city/001-bangkok-chao-phraya-sk
PASS clip-reduced-motion-photograph — {"state":"still","bg":true,"w":318,"h":254,"ratio":1.25,"video":false,"playing":false,"t":null,"muted":false,"inline":false,"loop":false,"controls":false,"opacity":null,"poster":null,"srcOk":false}
PASS clip-blocked-source-photograph — {"state":"still","bg":true,"w":318,"h":254,"ratio":1.25,"video":false,"playing":false,"t":null,"muted":false,"inline":false,"loop":false,"controls":false,"opacity":null,"poster":null,"srcOk":false}
PASS clip-iphone-safari — {"state":"playing","bg":true,"video":true,"playing":true,"inline":true,"muted":true,"ratio":1.25,"ov":0} (plays inline and muted, or the photograph stays — never black)
PASS scope-none — {"rel":[],"excluded":10,"visible":0,"wedding":false,"words":"Not joining this trip","need":0}
PASS scope-bangkok — {"rel":["bkk-stay"],"excluded":9,"visible":1,"wedding":false,"words":"Bangkok","need":8}
PASS scope-vientiane — {"rel":["prewed","wedstay"],"excluded":8,"visible":2,"wedding":true,"words":"Vientiane","need":14}
PASS scope-china — {"rel":["kmg","c86","ljg","return"],"excluded":6,"visible":4,"wedding":false,"words":"China","need":11}
PASS scope-bangkok+vientiane — {"rel":["bkk-stay","train","prewed","wedstay"],"excluded":6,"visible":4,"wedding":true,"words":"Bangkok · Vientiane","need":16}
PASS scope-bangkok+china — {"rel":["bkk-stay","kmg","c86","ljg","return","kempinski"],"excluded":4,"visible":6,"wedding":false,"words":"Bangkok · China","need":13}
PASS scope-vientiane+china — {"rel":["prewed","wedstay","mu9646","kmg","c86","ljg","return"],"excluded":3,"visible":7,"wedding":true,"words":"Vientiane · China","need":19}
PASS scope-all — {"rel":["bkk-stay","train","prewed","wedstay","mu9646","kmg","c86","ljg","return","kempinski"],"excluded":0,"visible":10,"wedding":true,"words":"Bangkok · Vientiane · China","need":22}
PASS complete-trip-fixture — the suggested Kunming room italian A holds two other guests
PASS complete-trip-plan-pure — ["bkk-stay:suggested:penthouse","train:suggested","prewed:suggested:heritage-grand-premier","wedstay:suggested:heritage-grand-premier","mu9646:suggested","kmg:fallback:milano←italian","c86:suggested","ljg:suggested:viewi
PASS complete-trip-preview-lists-every-stage — 21 – 24 FEB · BANGKOK Sathorn Penthouse · Sathorn Penthouse Bangkok USD 255 per person | 24 – 25 FEB · BANGKOK → VIENTIANE Special Express No. 25 USD 100 | 25 – 27 FEB · VIENTIANE Heritage Grand Premier · Pre-Wedding Sta
PASS complete-trip-confirm-bound-to-preview — {"note":true,"rows":10,"fb":0,"held":0} (a room freed meanwhile: the preview is drawn again with the change said, nothing was applied)
PASS complete-trip-fills-every-open-stage — {"bag":["bkk-stay:penthouse","c86","kempinski:deluxe-balcony-king","kmg:italian","ljg:viewing-270","mu9646","prewed:heritage-grand-premier","return","train","wedstay:heritage-grand-premier"],"total":2155,"holds":6,"kmg":
PASS complete-trip-idempotent — bkk-stay:kept:chosen train:suggested:train prewed:kept:chosen wedstay:kept:chosen mu9646:suggested:mu9646 kmg:kept:chosen c86:suggested:c86 ljg:kept:chosen return:suggested:return kempinski:kept:chosen (the six rooms sta
PASS review-shows-the-whole-trip — all ten stages incl. Vientiane → Kunming (MU9646) and the Sathorn Penthouse; the flavour; no Question 5
PASS parity-review-record-emails — {"sel":10,"missGuest":[],"missOwner":[]}
PASS haruthai-arranged-not-bag — {"state":"arranged","bag":0,"total":0,"need":["stage:train","stage:prewed","stage:wedstay","stage:mu9646","stage:kmg","stage:c86","stage:ljg","stage:return","stage:kempinski","event:temple","event:coffee","event:vows","e
PASS reset-dry-run — {"rooms":7,"seats":2,"drafts":3,"kv":7}
PASS reset-dry-run-wrote-nothing — 7 guest holds after the dry run
PASS reset-needs-the-exact-words — 400 the confirmation words are missing
PASS reset-needs-the-snapshot-digest — 400 the snapshot digest is missing — snapshot first, keep the backup, then execute
PASS reset-snapshot-carries-every-value — {"values":19,"digest":"36709832f0b6","sameAsTheDryRunBefore":true}
PASS reset-refuses-a-stale-snapshot — 409 the state changed since the snapshot — snapshot again
PASS reset-executed-zero — {"cleared":7,"seats":2,"drafts":3,"kv":7,"occ":0,"fixed":2,"held":0,"open":true}
PASS reset-device-honours-the-epoch — {"cached":10,"after":{"bag":0,"skips":0,"epoch":"2026-09-19T10:03:27.093Z","serverBag":null,"serverSkip":null,"resetAt":"2026-09-19T10:03:27.093Z","submission":"draft","holds":0}} (the old trip never came back — not on t
PASS reset-no-submission-remains — {"ok":true,"received":false,"receivedAt":null,"confirmed":false,"confirmedAt":null}
PASS width-320 — no horizontal overflow
PASS width-834 — no horizontal overflow
PASS width-1440 — no horizontal overflow
PASS console-errors — no script or console error
35/35 checks passed
