start state recorded

=== J19 404 page
PASS [J19 404 page] 404-1440 status 404, “This page is not part of the journey.”, a way back, no overflow — {"status":404,"title":"Page not found · See You In Laos","h1":"This page is not part of the journey.","body":"see you in laos. See You In Laos This page is not part of the journey. The link may be old or mistyped — every
PASS [J19 404 page] 404-1440 deep address still styled (root-relative assets) — status 404 · stylesheets 4
PASS [J19 404 page] 404-390 status 404, “This page is not part of the journey.”, a way back, no overflow — {"status":404,"title":"Page not found · See You In Laos","h1":"This page is not part of the journey.","body":"see you in laos. See You In Laos This page is not part of the journey. The link may be old or mistyped — every
PASS [J19 404 page] 404-390 deep address still styled (root-relative assets) — status 404 · stylesheets 4

=== J01 first-time guest · step 01
PASS [J01 first-time guest · step 01] 01.1-390 one quiet marker per field: “Required” on every required field, “Optional” only on Address line 2 and Region — [["p-email","Required"],["p-phone","Required"],["p-firstName","Required"],["p-lastName","Required"],["p-birthdate","Required"],["p-nationality","Required"],["p-address1","Required"],["p-address2","Optional"],["p-postal",
PASS [J01 first-time guest · step 01] 01.2-390 Continue with empty fields stays on step 01, marks each missing field, focuses the first — {"url":"/invitation","needed":["p-email","p-phone","p-birthdate","p-nationality","p-address1","p-postal","p-city","p-country"],"focus":"p-email"}
PASS [J01 first-time guest · step 01] 01.3-390 validation NAMES the field: “Please add your email address.”, “Please add your city.”; the foot names them all — {"email":"Please add your email address.","city":"City Required Please add your city.","note":"8 details are still needed before you continue: Email address, Mobile number, Date of birth, Nationality, Street and house nu
NOTE [J01 first-time guest · step 01] G048 header before any answer — {"state":"My Trip · not sent yet","cta":""} · words "draft"
PASS [J01 first-time guest · step 01] 01.1-1440 one quiet marker per field: “Required” on every required field, “Optional” only on Address line 2 and Region — [["p-email","Required"],["p-phone","Required"],["p-firstName","Required"],["p-lastName","Required"],["p-birthdate","Required"],["p-nationality","Required"],["p-address1","Required"],["p-address2","Optional"],["p-postal",
PASS [J01 first-time guest · step 01] 01.2-1440 Continue with empty fields stays on step 01, marks each missing field, focuses the first — {"url":"/invitation","needed":["p-email","p-phone","p-birthdate","p-nationality","p-address1","p-postal","p-city","p-country"],"focus":"p-email"}
PASS [J01 first-time guest · step 01] 01.3-1440 validation NAMES the field: “Please add your email address.”, “Please add your city.”; the foot names them all — {"email":"Please add your email address.","city":"City Required Please add your city.","note":"8 details are still needed before you continue: Email address, Mobile number, Date of birth, Nationality, Street and house nu
PASS [J01 first-time guest · step 01] 01.4 one detail left → “One detail is still needed before you continue: Country.” — One detail is still needed before you continue: Country.
PASS [J01 first-time guest · step 01] 01.5 complete → Continue opens My Trip — http://127.0.0.1:8788/your-journey

=== J02 returning unsent guest
PASS [J02 returning unsent guest] 02.1 the step header reads “My Trip · not sent yet”, no send link — {"h":{"state":"My Trip · not sent yet","cta":""},"key":"draft"}
PASS [J02 returning unsent guest] 02.2 Review before the trip is complete leads to the first missing answer (the gate), not to a send button — http://127.0.0.1:8788/wedding-preparation?from=review#seats

=== J11 wedding seat hold / change
NOTE [J11 wedding seat hold / change] G048 needs after scope (setup) — 
PASS [J11 wedding seat hold / change] 11.1 dinner plan: 48 chairs, no A13 / B13, no A12A / B12B, “One long table · 48 seats” — {"n":48,"has13":[],"table":["One long table · 48 seats"],"first":["A11","A12","A14","A15","A16","A17"]}
PASS [J11 wedding seat hold / change] 11.2 the two sides read “Side A · 24 seats · poolside” and “Side B · 24 seats · facing the pool” — Side A · 24 seats · poolsideSwimming poolA1A2A,Side B · 24 seats · facing the poolSwipe or sc,Side A is along the pool; side B faces it acro
NOTE [J11 wedding seat hold / change] dinner card before choosing — {"state":"open","card":"Required Choose your dinner seat Souphattra Heritage · poolside · 28 February · 19:30 Tap an available seat on the plan, then “Hold this seat”. Wedding Dinner ·","alreadyHeld":false}
PASS [J11 wedding seat hold / change] 11.3 before a choice the card asks “Choose your dinner seat” with “Tap an available seat on the plan, then “Hold this seat”.” — Required Choose your dinner seat Souphattra Heritage · poolside · 28 February · 19:30 Tap an available seat on the plan, then “Hold this seat”. Wedding Dinner · poolside Side A · 24 seats · poolside Swimming pool A1 A2 A
PASS [J11 wedding seat hold / change] 11.4 a tapped chair: the bar names the seat, “not held yet”, and the action “Hold this seat” (Cancel beside it) — Your seat Haruthai. Wedding Dinner. Seat A5 Long table · side A · poolside · not held yet Hold this seat Cancel
PASS [J11 wedding seat hold / change] 11.5 “Hold this seat” → “Holding…” → the card “Held for you · Your dinner seat · A5” — {"seq":["Holding…"],"card":"Held for you Your dinner seat A5 Long table · side A · poolside Guest Haruthai Test Event Wedding Dinner Date Sunday, 28 February 2027 Venue Souphattra Heritage Vientiane · poolside Continue D
NOTE [J11 wedding seat hold / change] seat button sequence — ["Holding…"]
PASS [J11 wedding seat hold / change] 11.6 changing: “Seat A5 stays yours until you move.” and “Keep seat A5” — Changing your dinner seat Your dinner seat Souphattra Heritage · poolside · 28 February · 19:30 A5 Long table · side A · poolside Seat A5 stays yours until you move. Tap an available seat, then “Move to this seat”. Keep 
PASS [J11 wedding seat hold / change] 11.7 the bar reads “Change of seat”, A5 → A9, the action “Move to this seat” — Change of seat Haruthai. Wedding Dinner. A5 → A9 Current seat A5 · New seat A9 · Long table · side A · poolside Move to this seat Keep seat A5
PASS [J11 wedding seat hold / change] 11.8 moved: the card holds A9 (“Held for you”), the ledger holds exactly one dinner chair for G048 — {"card":"Held for you Your dinner seat A9 Long table · side A · poolside Guest Haruthai Test Event Wedding Dinner Date Sunday, 28 February 2027 Venue Souphattra Heritage Vientiane · poolside Continue Download ","mine":{"

=== J12 About You
PASS [J12 About You] 12.1 Q06 heading “What makes you dance?” with the hint “The wedding playlist is built from your answers — choose every genre you would dance to.”, marker “06 · Required” — {"state":"06 · Required","h":"What makes you dance?","hint":"The wedding playlist is built from your answers — choose every genre you would dance to."}
PASS [J12 About You] 12.2 Q03 “My favourite flavour”, the choice reads “Matcha green tea” (display form), “Thai & Lao favourites” is a genre — {"flavor":{"state":"03 · Required","h":"My favourite flavour","hint":"Choose one."},"choices":["Coffee","Milk","Butter","Pandan","Matcha green tea","Strawberry milk"],"thai":["Thai & Lao favourites"]}
PASS [J12 About You] 12.3 question 07 is the only “Optional” question marker — {"state":"07 · Optional","h":"What’s your favourite karaoke song — the one you’d love to sing along to?","hint":"We will pass your song on to the DJ."}
PASS [J12 About You] 12.4 two genres pressed → “2 genres chosen” — 2 genres chosen
PASS [J12 About You] 12.5 G048 is ready to send: Review opens (no gate) and nothing is still needed — {"nd":[],"url":"http://127.0.0.1:8788/review"}

=== J08 room hold / change / release
PASS [J08 room hold / change / release] 08.1 The Journey · counting words “5 of 5 rooms left” (never “available”) — ["heritage: 5 of 5 rooms left","heritage-executive: 13 of 13 rooms left","heritage-grand-premier: 3 of 3 rooms left","noble-courtyard: One room only · free","grand-majestic: 2 of 2 rooms left","souphattra-majestic: One r
PASS [J08 room hold / change / release] 08.2 the chooser: “Who is already in each room”, each room “empty · 2 places” with “Choose this room” — {"head":"Who is already in each room","rows":["Room A empty · 2 places Choose this room","Room B empty · 2 places Choose this room","Room C empty · 2 places Choose this room","Room D empty · 2 places Choose this room","R
PASS [J08 room hold / change / release] 08.3 Ada holds Room A for her party: the engine holds Ada + one kept place; The Journey says “Held for you · Room A” — {"sel":"Held for you · Room A · you · 1 place kept for Ben","stsel":"Selected · not sent yet The Heritage Room A · you · 1 place kept for Ben","av":["Held for you · Room A","13 of 13 rooms left","3 of 3 rooms left","One 
FAIL [J08 room hold / change / release] 08.3b The Journey’s stay line names the held room with the same state word as its row and My Trip (“Held for you”) — {"journeyStayLine":"Selected · not sent yet","row":"Held for you · Room A · you · 1 place kept for Ben","draftLineState":"Selected · not sent yet"}
PASS [J08 room hold / change / release] 08.4 another guest now reads “4 of 5 rooms left” — 4 of 5 rooms left
PASS [J08 room hold / change / release] 08.5 Cleo’s chooser: Room A shows “Ada” by first name only (never a surname), and is Full to her — {"rowA":"Room A Ada · full Full","surnames":["Test","Test"]}
PASS [J08 room hold / change / release] 08.6 My Trip: “Held for you”, “Your room · Room A”, the occupancy sentence with the kept place for Ben (first name) — Held for you Pre-Wedding Stay · Souphattra Heritage 25 – 27 February 2027 · The Heritage Breakfast included Your room · Room A Room A has two sleeping places. You hold one; one is kept for Ben. 8 places still free in roo
PASS [J08 room hold / change / release] 08.7 My Trip · Change room opens “Move to another room” with the rooms and who is in them — Move to another room Each room has two sleeping places. Join someone you know, or choose an empty room. Room A You · 1 place kept for Ben Your room Room B empty · 2 places Choose this room Room C empty · 2 places Choose 
PASS [J08 room hold / change / release] 08.8 moved to Room B: the engine holds B (with the kept place), A is empty again; My Trip says “Your room · Room B” — {"A":0,"B":2,"card":"Held for you Pre-Wedding Stay · Souphattra Heritage 25 – 27 February 2027 · The Heritage Breakfast included Your room · Room B Room B has two sleeping places. You hold one; one is kept for Ben. 8 pla
PASS [J08 room hold / change / release] 08.9 My Trip · Remove asks first: “Give back your place in Room B at … ? Someone else may take it, and it may not be free again if you change your mind.” · “Give it back” / “Keep it” — Give back your place in Room B at Souphattra Heritage Vientiane? Someone else may take it, and it may not be free again if you change your mind. Give it back Keep it
PASS [J08 room hold / change / release] 08.10 “Keep it” keeps the room — ["A:0","B:2","C:0","D:0","E:0"]
PASS [J08 room hold / change / release] 08.11 The Journey · Remove asks the same question, “Give it back” — Give back your place in Room B at Souphattra Heritage Vientiane? Someone else may take it, and it may not be free again if you change your mind. Give it back Keep it
PASS [J08 room hold / change / release] 08.12 given back: Room B empty, no kept place left for the party — ["A:0","B:0","C:0","D:0","E:0"]

=== J09 party kept place (Ada / Ben)
PASS [J09 party kept place (Ada / Ben)] 09.1 Ben (Ada’s party) reads “A place is kept for you · Room A” on the row — never “Sold out” — {"av":"A place is kept for you · Room A","btn":"Select","gone":false}
PASS [J09 party kept place (Ada / Ben)] 09.2 Ben’s chooser: Room A “Ada · 1 place kept for you” with “Join this room” (first name only) — {"who":"Ada · 1 place kept for you","btn":"Join this room","full":false}
NOTE [J09 party kept place (Ada / Ben)] Ben’s own trip state is untouched (declined, reply sent):  — {"key":"sent","label":"Sent to us","line":"Sent to us · 24 September 2026","cta":null,"at":"2026-09-24T06:21:25.965Z","date":"24 September 2026","declined":true}
PASS [J09 party kept place (Ada / Ben)] 09.3 cleanup: Ada gives Room A back → the category is empty again — ["A:0","B:0","C:0","D:0","E:0"]

=== J10 sold out / waiting list
PASS [J10 sold out / waiting list] 10.1 The Journey · every room taken: rows read “Sold out”; “Every room here is taken. Join the waiting list and we will tell you as soon as a place frees up.” + “Join the waiting list” / “I won’t need this stay” (simulated full view) — {"av":["Sold out / Sold out","Sold out / Sold out","Sold out / Sold out","Sold out / Sold out","Sold out / Sold out","Sold out / Sold out","Sold out / Sold out"],"ask":"Every room here is taken. Join the waiting list and
PASS [J10 sold out / waiting list] 10.2 My Trip · the same words and “Join the waiting list” (simulated full view) — Still to choose Pre-Wedding Stay Every room here is taken. Join the waiting list and we will tell you as soon as a place frees up. Join the waiting list I won’t need this stay
PASS [J10 sold out / waiting list] 10.3 the engine takes Ada (party of two) onto the waiting list for the stay (position known) — {"at":"2026-09-24T17:26:01.023Z","position":1,"size":2,"wanted":["prewed/heritage","prewed/heritage-executive","prewed/heritage-grand-premier","prewed/noble-courtyard","prewed/grand-majestic","prewed/souphattra-majestic"
PASS [J10 sold out / waiting list] 10.4 My Trip: “On the waiting list — number 1” and “Leave the waiting list” — On the waiting list — number 1 Pre-Wedding Stay Every room was taken when you chose — for the 2 of you together. Nothing is held or charged. We will tell you as soon as a place frees up, and Guest Relations will find an 
PASS [J10 sold out / waiting list] 10.5 “Leave the waiting list” leaves the engine’s line — {}

=== J18 1872 tea for Ada + Ben
PASS [J18 1872 tea for Ada + Ben] 18.1 Ada · “See what will be added” → preview “Before it goes into My Bag”, “Add to My Bag” / “Cancel” — Before it goes into My Bag Your table at 1872 Champagne Afternoon Tea at 1872 One table for two guests USD 180 for the table · your cost. Champagne Afternoon Tea for two guests on Wednesday, 24 February 2027; afternoon t
PASS [J18 1872 tea for Ada + Ben] 18.2 Ada · the line reads “In My Bag” — In My Bag · USD 180 for the table Open My Bag Remove from My Bag
PASS [J18 1872 tea for Ada + Ben] 18.3 Ben · “Already in Ada’s trip — one table for the two of you.” and no second “See what will be added” — {"party":"Already in Ada’s trip — one table for the two of you.","box":"Already in Ada’s trip — one table for the two of you.","preview":false}
PASS [J18 1872 tea for Ada + Ben] 18.4 cleanup: Ada removes the tea — the Bag has no 1872 line — gone=true

=== J15 travel pass
PASS [J15 travel pass] 15.1 every travel pass says “Not a ticket — Guest Relations sends you the carrier’s ticket.” — ["Train · State Railway of Thailand Sent to us Special Express No. 25 Not a ticket — Guest Relations sends you the carrier’s ticket. BKK 20:25 Bangkok Krung Thep Aphiwat Central Terminal 24 Feb 2027 About 10 hours on boa
PASS [J15 travel pass] 15.2 the state words are not ahead of reality: no pass says “Confirmed” (T003’s trip is not confirmed); each pass shows its line’s own state — {"truth":[{"l":"train","s":"Sent to us · 24 September 2026","ls":"Sent to us"},{"l":"mu9646","s":"Sent to us · 24 September 2026","ls":"Sent to us"},{"l":"c86","s":"Sent to us · 24 September 2026","ls":"Sent to us"},{"l"

=== J13 Review & Send (before sending)
PASS [J13 Review & Send (before sending)] 13.1 Review · About You shows “Your music” and “My favourite flavour” → “Matcha green tea” — Food allergies None Coffee or tea Tea, no sugar My favourite flavour Matcha green tea Favourite drink Lemonade Favourite film In the Mood for Love Your music’90s, Classics / Oldies Favourite karaoke song Not given — opti
PASS [J13 Review & Send (before sending)] 13.2 ready: “Ready to send · Everything we need is here”, the button “Send my trip” enabled, the clarification says sending is not a payment — {"ready":"Ready to send Everything we need is here Anything optional can follow later.","btn":"Send my trip","off":false}
PASS [J13 Review & Send (before sending)] 13.3 Your total: “Nothing is paid on this website.” — Your total Change Nothing is paid on this website. No deposit is required. Once your arrangements are confirmed, Guest Relations sends you an invoice with bank transfer or PayPal details; payment is d

=== J03 send
PASS [J03 send] 03.1 “Send my trip” → “Sending…” between the tap and the answer — ["Sending…","(hidden)"]
PASS [J03 send] 03.2 ONE card: “Thank you — we have your trip”, one heading, no second status, the button gone — {"cards":1,"h2":["Thank you — we have your trip"],"text":"Thank you — we have your trip Khun Ket and Khun Paddy of Guest Relations will look through it and confirm each arrangement with you personally; until they do, not
PASS [J03 send] 03.3 the card says nothing is booked until Guest Relations confirms, and offers “Back to My Trip” — Thank you — we have your trip Khun Ket and Khun Paddy of Guest Relations will look through it and confirm each arrangement with you personally; until they do, nothing is booked. If anything changes, change it in My Trip 
PASS [J03 send] 03.4 small print “Sent on 24 September 2026 · your reference SYL-G048-…” — Sent on 24 September 2026 · your reference SYL-G048-59A25AD1 Back to My Trip
PASS [J03 send] 03.5 email line (stage: no provider configured) → “We could not send your copy by email just now.” + “Send the copy again”, never a confirmation — {"mail":"failed","line":"We could not send your copy by email just now."}
PASS [J03 send] 03.6 with a provider that accepts the copy: “A copy is on its way to b…@example.org.” — still one card — {"cards":1,"line":"A copy is on its way to b…@example.org."}
PASS [J03 send] 03.7 the header says “Sent to us · 24 September 2026” — one state line, no send link — {"state":"Sent to us · 24 September 2026","cta":""}
PASS [J03 send] 03.8 the server holds the submission (version 1, not declined) — {"sid":"SYL-G048-59A25AD1","v":1}
PASS [J03 send] 03.9 390 WebKit: the one card, no overflow — {"overflow":false,"h2":["Thank you — we have your trip"]}

=== J04 sent unchanged guest
PASS [J04 sent unchanged guest] 04.1 reload 1: no send button, the card “Thank you — we have your trip” stays, header “Sent to us · 24 September 2026” — {"r":{"send":true,"btn":"Send my trip","h2":["Thank you — we have your trip"],"cards":1},"h":{"state":"Sent to us · 24 September 2026","cta":""}}
PASS [J04 sent unchanged guest] 04.2 reload 2: no send button, the card “Thank you — we have your trip” stays, header “Sent to us · 24 September 2026” — {"r":{"send":true,"btn":"Send my trip","h2":["Thank you — we have your trip"],"cards":1},"h":{"state":"Sent to us · 24 September 2026","cta":""}}
PASS [J04 sent unchanged guest] 04.3 My Trip header: “Sent to us · 24 September 2026”, no “Send the update” — {"state":"Sent to us · 24 September 2026","cta":""}
PASS [J04 sent unchanged guest] 04.4 My Profile trip card: “Sent to us · 24 September 2026” — ["Sent to us · 24 September 2026 Thank you — we have your trip Guest Relations will look thr"]

=== J17 second device / stale
PASS [J17 second device / stale] 17.1 the sending device does NOT say “Sent from your other device” — device A shows it: false
PASS [J17 second device / stale] 17.2 the other device (opened before the send) says “Sent from your other device” — true: the send came from device A — Thank you — we have your trip Khun Ket and Khun Paddy of Guest Relations will look through it and confirm each arrangement with you personally; until they do, nothing is booked. If anything changes, change it in My Trip 
NOTE [J17 second device / stale] fresh third device (never sent) — shows “Sent from your other device”: true

=== J14 email output
PASS [J14 email output] 14.1 host record: subject names the reference, never “confirmation”; the email lists “Your music” and “My favourite flavour: Matcha green tea” — {"subject":"Your own plan is with Guest Relations (SYL-G048-59A25AD1)","lines":["· My favourite flavour: Matcha green tea","· Your music: ’90s, Classics / Oldies"]}
NOTE [J14 email output] host subject — Your own plan is with Guest Relations (SYL-G048-59A25AD1)
PASS [J14 email output] 14.2 a guest’s first trip (T001 Ada, version 1): subject “Thank you — we have your trip (SYL-…)”, never “confirmation” — {"subject":"Thank you — we have your trip (SYL-T001-09B0B7E9)","head":["SEE YOU IN LAOS — MY TRIP","","Thank you — we have your trip","","Dear Ada,"]}
PASS [J14 email output] 14.3 an updated trip (T003 v4): “Thank you — we have your update (SYL-…)” — Thank you — we have your update (SYL-T003-2297B45D)
PASS [J14 email output] 14.4 a declined reply (T002 Ben): “Thank you for letting us know” — Thank you for letting us know
PASS [J14 email output] 14.5 no email calls itself a confirmation (“Confirmation” / “confirmed” as the state of the copy) — 

=== J05 sent then changed
PASS [J05 sent then changed] 05.1 a real change after sending → header “Changes not sent yet” + “Send the update” — {"state":"Changes not sent yet","cta":"Send the update"}
PASS [J05 sent then changed] 05.2 Review: the one card “You have changed your trip” (it replaces what you sent) and the one button “Send the update” — {"btn":"Send the update","hidden":false,"h2":["You have changed your trip"],"text":"You have changed your trip We have what you sent on 24 September 2026. Send the update when you are ready — it replaces what you sent be
PASS [J05 sent then changed] 05.3 undoing the change removes it again: header “Sent to us · 24 September 2026”, no “Send the update”, no button, the sent card back — {"h2":{"state":"Sent to us · 24 September 2026","cta":""},"r2":{"hidden":true,"h2":["Thank you — we have your trip"]}}

=== J06 Guest Relations confirmed guest
PASS [J06 Guest Relations confirmed guest] 06.0 Guest Relations confirms the sent version (stage token, synthetic guest) — {"ok":true,"version":1}
PASS [J06 Guest Relations confirmed guest] 06.1 header “Confirmed by Guest Relations · 24 September 2026” — {"state":"Confirmed by Guest Relations · 24 September 2026","cta":""}
PASS [J06 Guest Relations confirmed guest] 06.2 Review: “Your trip is confirmed” (on 24 September 2026), no send button — {"h2":["Your trip is confirmed","Haruthai"],"text":"Your trip is confirmed Guest Relations confirmed your arrangements on 24 September 2026. No deposit is required. Guest Relations sends you an invoice with bank transfer
NOTE [J06 Guest Relations confirmed guest] seat card while the trip is confirmed — Held for you Your dinner seat Souphattra Heritage · poolside · 28 February · 19:30 A9 Long table · side A · poolside Change seat Download this ticket Give seat A9 back Wedding Dinner · poolside Side A
PASS [J06 Guest Relations confirmed guest] 06.3 a change lapses the confirmation: header “Changes not sent yet” + “Send the update”; nothing on the page still says “Confirmed by Guest Relations” — {"h2":{"state":"Changes not sent yet","cta":"Send the update"},"conf":false}
PASS [J06 Guest Relations confirmed guest] 06.4 Review: “You changed your trip after Guest Relations confirmed it. Send the update, and Guest Relations will confirm it with you again.” — {"h2":["You have changed your trip"],"text":"You have changed your trip You changed your trip after Guest Relations confirmed it. Send the update, and Guest Relations will confirm it with you again.","btn":"Send the upda
NOTE [J06 Guest Relations confirmed guest] after undoing the change — trip state key = confirmed · header {"state":"Confirmed by Guest Relations · 24 September 2026","cta":""} (the confirmed version is the same content again)

=== J16 seat ticket card / PDF
PASS [J16 seat ticket card / PDF] 16.1 the dinner seat ticket card: “Held for you” (never “Confirmed”), seat A9 — {"cards":["Vow Ceremony · Souphattra Heritage Held for you Vow Ceremony Bride At the front, between the two blocks 15:30 Sunday, 28 February 2027 Souphattra Heritage, Vientiane Guest Haruthai Test Status Front centre Tic
FAIL [J16 seat ticket card / PDF] 16.2 the PDF ticket carries “Held for you” and the seat A9, and no “Confirmed” — {"file":"J16-see-you-in-laos-wd-seat-haruthai.pdf","bytes":65201,"held":false,"seat":true,"confirmed":false}

=== J07 decline
NOTE [J07 decline] release preview before the decline — Yes, I won’t be joining
PASS [J07 decline] 07.1 the decline card: “We will miss you.”, status “Not joining this trip” — {"text":"Changes not sent yet We will miss you. Thank you for letting us know. Haruthai & Suthep would be so happy to celebrate with you, so if your plans change, simply tick the parts you can join. Send the update","btn
FAIL [J07 decline] 07.2 the card’s one action reads “Send my reply” — {"btn":"Send the update","priorSubmission":"T003 had sent a trip (vchanged)"}
NOTE [J07 decline] Review for the same state — {"btn":"Send my reply","hidden":false,"blocks":[true,true,true,true,true]}
FAIL [J07 decline] 07.3 My Trip and Review name the same action for the same state — {"myTrip":"Send the update","review":"Send my reply"}
FAIL [J07 decline] 07.4 the button really sends: “Sending…” then “Reply sent · 24 September 2026”; the server record is now a decline (new version) — {"seq":["Sending…","STATE:Reply sent · 24 September 2026"],"after":{"state":"Reply sent · 24 September 2026","note":"","btn":false},"v":[4,5]}
PASS [J07 decline] 07.5 after reload the card still reads “Reply sent · 24 September 2026” — Reply sent · 24 September 2026
PASS [J07 decline] 07.6 Review: the one card “Reply sent · 24 September 2026”, no send button — {"h2":["Reply sent · 24 September 2026"],"send":true}
PASS [J07 decline] 07.7 the reply email: “Thank you for letting us know” — Thank you for letting us know
NOTE [J07 decline] T003 restored draft scope — {"scope":{"bangkok":true,"vientianePreWedding":true,"vientianeWedding":true,"china":true,"none":false,"at":"2026-09-24T17:28:06.905Z","by":"T003","migrated":false},"state":"changed","line":"Changes not sent yet"}

=== cleanup
PASS [cleanup] C.1 G048 confirmation withdrawn (Guest Relations unconfirm) — {"ok":true,"confirmedAt":null}
NOTE [cleanup] seat give-back question — Give seat A9 back? It becomes available to every guest at once, and you will have no dinner seat until you choose another.
PASS [cleanup] C.2 G048 dinner seat given back (“Give seat … back” → “Yes, give it back”) — {"ceremony":{},"dinner":{}}
PASS [cleanup] C.3 the room engine is as it was (no occupancy anywhere) — []
PASS [cleanup] C.4 T001 ends as it started (bag, rooms, seats, trip state, scope) — {"start":{"k":"changed","bag":[],"rooms":{},"seats":{"ceremony":{},"dinner":{}}},"end":{"k":"changed","bag":[],"rooms":{},"seats":{"ceremony":{},"dinner":{}}}}
PASS [cleanup] C.4 T002 ends as it started (bag, rooms, seats, trip state, scope) — {"start":{"k":"sent","bag":[],"rooms":{},"seats":{"ceremony":{},"dinner":{}}},"end":{"k":"sent","bag":[],"rooms":{},"seats":{"ceremony":{},"dinner":{}}}}
PASS [cleanup] C.4 G049 ends as it started (bag, rooms, seats, trip state, scope) — {"start":{"k":"changed","bag":[],"rooms":{},"seats":{"ceremony":{},"dinner":{}}},"end":{"k":"changed","bag":[],"rooms":{},"seats":{"ceremony":{},"dinner":{}}}}
PASS [cleanup] E0 no page error on any page of the run — none

96/101 pass
{
 "J19 404 page": {
  "pass": 4,
  "fail": 0
 },
 "J01 first-time guest · step 01": {
  "pass": 8,
  "fail": 0
 },
 "J02 returning unsent guest": {
  "pass": 2,
  "fail": 0
 },
 "J11 wedding seat hold / change": {
  "pass": 8,
  "fail": 0
 },
 "J12 About You": {
  "pass": 5,
  "fail": 0
 },
 "J08 room hold / change / release": {
  "pass": 12,
  "fail": 1
 },
 "J09 party kept place (Ada / Ben)": {
  "pass": 3,
  "fail": 0
 },
 "J10 sold out / waiting list": {
  "pass": 5,
  "fail": 0
 },
 "J18 1872 tea for Ada + Ben": {
  "pass": 4,
  "fail": 0
 },
 "J15 travel pass": {
  "pass": 2,
  "fail": 0
 },
 "J13 Review & Send (before sending)": {
  "pass": 3,
  "fail": 0
 },
 "J03 send": {
  "pass": 9,
  "fail": 0
 },
 "J04 sent unchanged guest": {
  "pass": 4,
  "fail": 0
 },
 "J17 second device / stale": {
  "pass": 2,
  "fail": 0
 },
 "J14 email output": {
  "pass": 5,
  "fail": 0
 },
 "J05 sent then changed": {
  "pass": 3,
  "fail": 0
 },
 "J06 Guest Relations confirmed guest": {
  "pass": 5,
  "fail": 0
 },
 "J16 seat ticket card / PDF": {
  "pass": 1,
  "fail": 1
 },
 "J07 decline": {
  "pass": 4,
  "fail": 3
 },
 "cleanup": {
  "pass": 7,
  "fail": 0
 }
}
