PASS H1 one code = one guest — Suthep
PASS H2 Your Journey · every transport leg is a ticket: both ends, times, class, the guest, the pass reference, the code, the download — ["SYL-TN25-R4TN","SYL-MU9646-TC2X","SYL-C86-GF7X","SYL-MU5924-4KJJ"]
PASS H2 Your Journey · the ticket names the guest and the class; the flight ticket follows the chosen fare — FLIGHT · CHINA EASTERN AIRLINES CURRENT SELECTION MU9646 · Vientiane → Kunming VTE 15:50 Vientiane Terminal 1 01 MAR 2027 1H 35M · NON-STOP KMG 18:25 Kunming No
PASS H3 C86 = USD 105 on Your Journey (ticket + card); total = 100 + 275 + 105 + 200 — USD 680
PASS H3 the C86 code SCANS (independent decoder) and carries the pass, the guest, the leg, the date, the class, the state — SEE YOU IN LAOS | TRAVEL PASS SYL-C86-GF7X | Suthep | C86 Kunming → Lijiang | 04 March 2027 | Business Class | SELECTED
PASS H4 Download travel pass · a real PDF, named for the leg and the guest, carrying the reference, the route, the class, the code and honest words — see-you-in-laos-travel-pass-c86-suthep.pdf · 56053 bytes
PASS H5 bag icon → the cart · own lines, grouped under Transport, each transport line carrying its pass strip with the code and the reference — train:SYL-TN25-R4TN mu9646:SYL-MU9646-TC2X c86:SYL-C86-GF7X return:SYL-MU5924-4KJJ
PASS H5 cart · C86 line says USD 105; cart total = sticky total = 680 — USD 680 / USD 680
PASS H5 cart · no checkout language, no quantity controls, the words are YOUR BAG · YOUR TOTAL · REVIEW YOUR JOURNEY
PASS H5 cart · not ready → REVIEW YOUR JOURNEY leads to the first missing item (step 03) — wedding.html#ev-temple
PASS H6 cart · CHANGE on the flight → the flight stage on Your Journey (the fare selector) — your-journey.html#s-mu9646
PASS H6 change · lands on Your Journey at the flight stage — https://seeyouinlaos-website.suthep-hrg.workers.dev/your-journey#s-mu9646
PASS H6 change · Economy Flexible is the current selection: the ticket says the new class and carries a NEW pass reference; the journey total follows (560) — SYL-MU9646-TC2X → SYL-MU9646-3HGZ
PASS H6 cart · the flight line says Economy Flexible with the new reference; total 560 = sticky — USD 560 / USD 560
PASS H7 cart REMOVE · C86 leaves the bag: three lines, total 455 = sticky, badge 3 — USD 455 / USD 455 · badge 3
PASS H7 Your Journey after REMOVE · the C86 stage is open again (Select this travel), its ticket quiet without a pass; step 02 needs attention — Not selected
PASS H7 select again · C86 back at USD 105; total 455 + 105 = 560 — USD 560
PASS H8 transport page · the C86 ticket with its pass, USD 105 per person, Download travel pass; the ADD/REMOVE decision beside it — SYL-C86-GF7X · USD 105 PER PERSON USD 105 PER PERSON · REMOVE FROM YOUR JOURNEY
PASS H8 transport page · the flight ticket says Economy Flexible (the chosen fare)
PASS H9 the plan · RUN A = POOLSIDE from the server (default T); the pool drawn as water along run A, named; run B named opposite the pool; WEDDING DINNER · POOLSIDE — Run A sits beside the swimming pool; run B faces it across the table.
PASS H9 a run-A seat · the words say Poolside on the bar, the confirmation and the card — SEAT CONFIRMED Your dinner seat is confirmed A1 Long table · run A · Poolside · place 1 GUEST Suthep Thongantang EVENT Wedding Dinner DATE S
PASS H9 the plan · the held chair is named (her own says You; other guests see her first name — P4) — You
PASS H10 cart · 01–05 complete → REVIEW YOUR JOURNEY leads to Review & Send; sticky VIEW the same — review.html / review.html
PASS H11 Review & Send · the four passes with their codes and references; C86 at USD 105; Review total = cart total = sticky (575) — USD 575 / USD 575 / USD 575
PASS H12 sent · every pass now says Sent to Guest Relations (the same references) — BKK 20:25 → NKI 06:25 24 – 25 February 2027 · First Class Sleeper · private cabin TRAVEL PASS SYL-TN25-R4TN · SENT TO GUEST RELATIONS DOWNLOAD TRAVEL PASS
PASS H12 the register holds the host's invitation — 2026-09-15T03:15:02.452Z
PASS H12 the bag says Sent too — 4
PASS D1 desktop · Your Journey tickets, no overflow
PASS D2 desktop · the cart, no overflow
PASS D3 desktop · the transport page ticket, no overflow
PASS H13 no page errors
PASS P1 one code = one guest · the guest alone · an empty bag, none of the host's passes — Peggy
PASS P2 the guest's C86 ticket · their own name, their own reference (not the host's), USD 105 — SYL-C86-X7SQ
PASS P3 the guest's bag · one line, their pass, USD 105 = sticky — USD 105 / USD 105
PASS P4 the plan for a guest · the pool along run A, the host's first name on their run-A chair — Suthep,You
PASS P5 REMOVE · the bag empties
PASS W 320 · no horizontal overflow with tickets on the four surfaces
PASS W 375 · no horizontal overflow with tickets on the four surfaces
PASS W 430 · no horizontal overflow with tickets on the four surfaces
PASS Z no page errors across both identities

40/40 checks passed
EXIT 0
